[clickandcheat.com/fortnite-account-generator/index.html]
[backblue.gif]
[fade.gif]
[index.html]
[clickandcheat.com/fortnite-account-generator/css/_bower.css]
[clickandcheat.com/fortnite-account-generator/css/font-awesome.min.css]
[clickandcheat.com/fortnite-account-generator/css/style.css]
[clickandcheat.com/fortnite-account-generator/img/fade.png]
[clickandcheat.com/fortnite-account-generator/img/top-logo.png]
[clickandcheat.com/fortnite-account-generator/js/_bower.js]
[clickandcheat.com/fortnite-account-generator/ajax/libs/chance/1.0.4/chance.min.js]
[clickandcheat.com/fortnite-account-generator/index.html]
[clickandcheat.com/fortnite-account-generator/js/scripts.js]
[clickandcheat.com/fortnite-account-generator/css/bootstrap/dist/fonts/glyphicons-halflings-regular.html]
[clickandcheat.com/fortnite-account-generator/css/bootstrap/dist/fonts/glyphicons-halflings-regulard41dd41dd41d.html]
[clickandcheat.com/fortnite-account-generator/css/bootstrap/dist/fonts/glyphicons-halflings-regular-2.html]
[clickandcheat.com/fortnite-account-generator/css/bootstrap/dist/fonts/glyphicons-halflings-regular-3.html]
[clickandcheat.com/fortnite-account-generator/css/bootstrap/dist/fonts/glyphicons-halflings-regular-4.html]
[clickandcheat.com/fortnite-account-generator/css/_bower.css]
[clickandcheat.com/fortnite-account-generator/css/font-awesome.min.css]
[clickandcheat.com/fortnite-account-generator/css/style.css]
[clickandcheat.com/fortnite-account-generator/css/bootstrap/dist/fonts/glyphicons-halflings-regular-5.html]
[clickandcheat.com/fortnite-account-generator/css/bootstrap/dist/fonts/glyphicons-halflings-regular.html]
[clickandcheat.com/fortnite-account-generator/css/bootstrap/dist/fonts/glyphicons-halflings-regulard41dd41dd41d.html]
[clickandcheat.com/fortnite-account-generator/css/bootstrap/dist/fonts/glyphicons-halflings-regular-2.html]
[clickandcheat.com/fortnite-account-generator/css/bootstrap/dist/fonts/glyphicons-halflings-regular-3.html]
[clickandcheat.com/fortnite-account-generator/css/bootstrap/dist/fonts/glyphicons-halflings-regular-4.html]
[clickandcheat.com/fortnite-account-generator/css/bootstrap/dist/fonts/glyphicons-halflings-regular-5.html]
